// Jest Snapshot v1, https://goo.gl/fbAQLP

exports[`Wrapper renders correctly 1`] = `
<section
  className="sc-bdvvtL bdgLDQ"
>
  Content.
</section>
`;
